[debug] [2026-05-09T05:46:19.211Z] ----------------------------------------------------------------------
[debug] [2026-05-09T05:46:19.213Z] Command:       /home/mo-ali/.nvm/versions/node/v20.20.1/bin/node /home/mo-ali/.nvm/versions/node/v20.20.1/bin/firebase init
[debug] [2026-05-09T05:46:19.213Z] CLI Version:   15.13.0
[debug] [2026-05-09T05:46:19.213Z] Platform:      linux
[debug] [2026-05-09T05:46:19.214Z] Node Version:  v20.20.1
[debug] [2026-05-09T05:46:19.214Z] Time:          Sat May 09 2026 08:46:19 GMT+0300 (Eastern European Summer Time)
[debug] [2026-05-09T05:46:19.214Z] ----------------------------------------------------------------------
[debug] 
[info] 
     ######## #### ########  ######## ########     ###     ######  ########
     ##        ##  ##     ## ##       ##     ##  ##   ##  ##       ##
     ######    ##  ########  ######   ########  #########  ######  ######
     ##        ##  ##    ##  ##       ##     ## ##     ##       ## ##
     ##       #### ##     ## ######## ########  ##     ##  ######  ########

You're about to initialize a Firebase project in this directory:

  /home/mo-ali/Documents/GitHub/GeoAttend

[debug] [2026-05-09T05:54:10.170Z] ExitPromptError: User force closed the prompt with SIGINT
    at Interface.sigint (/home/mo-ali/.nvm/versions/node/v20.20.1/lib/node_modules/firebase-tools/node_modules/@inquirer/core/dist/commonjs/lib/create-prompt.js:101:37)
    at Interface.emit (node:events:524:28)
    at [_ttyWrite] [as _ttyWrite] (node:internal/readline/interface:1134:18)
    at ReadStream.onkeypress (node:internal/readline/interface:267:20)
    at ReadStream.emit (node:events:536:35)
    at emitKeys (node:internal/readline/utils:371:14)
    at emitKeys.next (<anonymous>)
    at ReadStream.onData (node:internal/readline/emitKeypressEvents:64:36)
    at ReadStream.emit (node:events:524:28)
    at addChunk (node:internal/streams/readable:561:12)
[error] 
[error] Error: An unexpected error has occurred.
